------------------------------------------------------------
Timing Analyzer Summary
------------------------------------------------------------

Type  : Slow 1100mV 85C Model Setup 'tc_clock_50'
Slack : 0.932
TNS   : 0.000

Type  : Slow 1100mV 85C Model Setup '\create_pll:i_pll_a|pll_altera_inst|altera_pll_i|general[1].gpll~PLL_OUTPUT_COUNTER|divclk'
Slack : 10.423
TNS   : 0.000

Type  : Slow 1100mV 85C Model Hold '\create_pll:i_pll_a|pll_altera_inst|altera_pll_i|general[1].gpll~PLL_OUTPUT_COUNTER|divclk'
Slack : 0.228
TNS   : 0.000

Type  : Slow 1100mV 85C Model Hold 'tc_clock_50'
Slack : 0.322
TNS   : 0.000

Type  : Slow 1100mV 85C Model Recovery '\create_pll:i_pll_a|pll_altera_inst|altera_pll_i|general[1].gpll~PLL_OUTPUT_COUNTER|divclk'
Slack : 17.591
TNS   : 0.000

Type  : Slow 1100mV 85C Model Removal '\create_pll:i_pll_a|pll_altera_inst|altera_pll_i|general[1].gpll~PLL_OUTPUT_COUNTER|divclk'
Slack : 0.345
TNS   : 0.000

Type  : Slow 1100mV 85C Model Minimum Pulse Width '\create_pll:i_pll_a|pll_altera_inst|altera_pll_i|general[0].gpll~FRACTIONAL_PLL|vcoph[0]'
Slack : 1.666
TNS   : 0.000

Type  : Slow 1100mV 85C Model Minimum Pulse Width '\create_pll:i_pll_a|pll_altera_inst|altera_pll_i|general[1].gpll~PLL_OUTPUT_COUNTER|divclk'
Slack : 9.148
TNS   : 0.000

Type  : Slow 1100mV 85C Model Minimum Pulse Width 'tc_clock_50'
Slack : 9.404
TNS   : 0.000

Type  : Slow 1100mV 0C Model Setup 'tc_clock_50'
Slack : 1.052
TNS   : 0.000

Type  : Slow 1100mV 0C Model Setup '\create_pll:i_pll_a|pll_altera_inst|altera_pll_i|general[1].gpll~PLL_OUTPUT_COUNTER|divclk'
Slack : 10.537
TNS   : 0.000

Type  : Slow 1100mV 0C Model Hold '\create_pll:i_pll_a|pll_altera_inst|altera_pll_i|general[1].gpll~PLL_OUTPUT_COUNTER|divclk'
Slack : 0.204
TNS   : 0.000

Type  : Slow 1100mV 0C Model Hold 'tc_clock_50'
Slack : 0.301
TNS   : 0.000

Type  : Slow 1100mV 0C Model Recovery '\create_pll:i_pll_a|pll_altera_inst|altera_pll_i|general[1].gpll~PLL_OUTPUT_COUNTER|divclk'
Slack : 17.675
TNS   : 0.000

Type  : Slow 1100mV 0C Model Removal '\create_pll:i_pll_a|pll_altera_inst|altera_pll_i|general[1].gpll~PLL_OUTPUT_COUNTER|divclk'
Slack : 0.274
TNS   : 0.000

Type  : Slow 1100mV 0C Model Minimum Pulse Width '\create_pll:i_pll_a|pll_altera_inst|altera_pll_i|general[0].gpll~FRACTIONAL_PLL|vcoph[0]'
Slack : 1.666
TNS   : 0.000

Type  : Slow 1100mV 0C Model Minimum Pulse Width '\create_pll:i_pll_a|pll_altera_inst|altera_pll_i|general[1].gpll~PLL_OUTPUT_COUNTER|divclk'
Slack : 9.137
TNS   : 0.000

Type  : Slow 1100mV 0C Model Minimum Pulse Width 'tc_clock_50'
Slack : 9.324
TNS   : 0.000

Type  : Fast 1100mV 85C Model Setup 'tc_clock_50'
Slack : 5.368
TNS   : 0.000

Type  : Fast 1100mV 85C Model Setup '\create_pll:i_pll_a|pll_altera_inst|altera_pll_i|general[1].gpll~PLL_OUTPUT_COUNTER|divclk'
Slack : 10.549
TNS   : 0.000

Type  : Fast 1100mV 85C Model Hold '\create_pll:i_pll_a|pll_altera_inst|altera_pll_i|general[1].gpll~PLL_OUTPUT_COUNTER|divclk'
Slack : 0.134
TNS   : 0.000

Type  : Fast 1100mV 85C Model Hold 'tc_clock_50'
Slack : 0.193
TNS   : 0.000

Type  : Fast 1100mV 85C Model Recovery '\create_pll:i_pll_a|pll_altera_inst|altera_pll_i|general[1].gpll~PLL_OUTPUT_COUNTER|divclk'
Slack : 18.501
TNS   : 0.000

Type  : Fast 1100mV 85C Model Removal '\create_pll:i_pll_a|pll_altera_inst|altera_pll_i|general[1].gpll~PLL_OUTPUT_COUNTER|divclk'
Slack : 0.274
TNS   : 0.000

Type  : Fast 1100mV 85C Model Minimum Pulse Width '\create_pll:i_pll_a|pll_altera_inst|altera_pll_i|general[0].gpll~FRACTIONAL_PLL|vcoph[0]'
Slack : 1.666
TNS   : 0.000

Type  : Fast 1100mV 85C Model Minimum Pulse Width 'tc_clock_50'
Slack : 9.406
TNS   : 0.000

Type  : Fast 1100mV 85C Model Minimum Pulse Width '\create_pll:i_pll_a|pll_altera_inst|altera_pll_i|general[1].gpll~PLL_OUTPUT_COUNTER|divclk'
Slack : 9.506
TNS   : 0.000

Type  : Fast 1100mV 0C Model Setup 'tc_clock_50'
Slack : 5.639
TNS   : 0.000

Type  : Fast 1100mV 0C Model Setup '\create_pll:i_pll_a|pll_altera_inst|altera_pll_i|general[1].gpll~PLL_OUTPUT_COUNTER|divclk'
Slack : 10.700
TNS   : 0.000

Type  : Fast 1100mV 0C Model Hold '\create_pll:i_pll_a|pll_altera_inst|altera_pll_i|general[1].gpll~PLL_OUTPUT_COUNTER|divclk'
Slack : 0.122
TNS   : 0.000

Type  : Fast 1100mV 0C Model Hold 'tc_clock_50'
Slack : 0.173
TNS   : 0.000

Type  : Fast 1100mV 0C Model Recovery '\create_pll:i_pll_a|pll_altera_inst|altera_pll_i|general[1].gpll~PLL_OUTPUT_COUNTER|divclk'
Slack : 18.647
TNS   : 0.000

Type  : Fast 1100mV 0C Model Removal '\create_pll:i_pll_a|pll_altera_inst|altera_pll_i|general[1].gpll~PLL_OUTPUT_COUNTER|divclk'
Slack : 0.198
TNS   : 0.000

Type  : Fast 1100mV 0C Model Minimum Pulse Width '\create_pll:i_pll_a|pll_altera_inst|altera_pll_i|general[0].gpll~FRACTIONAL_PLL|vcoph[0]'
Slack : 1.666
TNS   : 0.000

Type  : Fast 1100mV 0C Model Minimum Pulse Width 'tc_clock_50'
Slack : 9.410
TNS   : 0.000

Type  : Fast 1100mV 0C Model Minimum Pulse Width '\create_pll:i_pll_a|pll_altera_inst|altera_pll_i|general[1].gpll~PLL_OUTPUT_COUNTER|divclk'
Slack : 9.503
TNS   : 0.000

------------------------------------------------------------
